mode: set
github.com/farmcreepissohard/Ride-hailing-sytem/internal/services/location_service.go:29.118,31.2 1 1
github.com/farmcreepissohard/Ride-hailing-sytem/internal/services/location_service.go:33.89,34.14 1 1
github.com/farmcreepissohard/Ride-hailing-sytem/internal/services/location_service.go:34.14,36.3 1 1
github.com/farmcreepissohard/Ride-hailing-sytem/internal/services/location_service.go:37.2,37.18 1 1
github.com/farmcreepissohard/Ride-hailing-sytem/internal/services/location_service.go:37.18,39.3 1 1
github.com/farmcreepissohard/Ride-hailing-sytem/internal/services/location_service.go:41.2,41.46 1 1
github.com/farmcreepissohard/Ride-hailing-sytem/internal/services/location_service.go:44.91,45.14 1 1
github.com/farmcreepissohard/Ride-hailing-sytem/internal/services/location_service.go:45.14,47.3 1 1
github.com/farmcreepissohard/Ride-hailing-sytem/internal/services/location_service.go:48.2,48.27 1 1
github.com/farmcreepissohard/Ride-hailing-sytem/internal/services/location_service.go:48.27,50.3 1 1
github.com/farmcreepissohard/Ride-hailing-sytem/internal/services/location_service.go:51.2,51.29 1 1
github.com/farmcreepissohard/Ride-hailing-sytem/internal/services/location_service.go:51.29,53.3 1 1
github.com/farmcreepissohard/Ride-hailing-sytem/internal/services/location_service.go:55.2,55.50 1 1
github.com/farmcreepissohard/Ride-hailing-sytem/internal/services/location_service.go:58.129,59.27 1 1
github.com/farmcreepissohard/Ride-hailing-sytem/internal/services/location_service.go:59.27,61.3 1 1
github.com/farmcreepissohard/Ride-hailing-sytem/internal/services/location_service.go:62.2,62.29 1 1
github.com/farmcreepissohard/Ride-hailing-sytem/internal/services/location_service.go:62.29,64.3 1 1
github.com/farmcreepissohard/Ride-hailing-sytem/internal/services/location_service.go:65.2,65.16 1 1
github.com/farmcreepissohard/Ride-hailing-sytem/internal/services/location_service.go:65.16,67.3 1 1
github.com/farmcreepissohard/Ride-hailing-sytem/internal/services/location_service.go:69.2,69.61 1 1
github.com/farmcreepissohard/Ride-hailing-sytem/internal/services/location_service.go:72.103,73.16 1 1
github.com/farmcreepissohard/Ride-hailing-sytem/internal/services/location_service.go:73.16,75.3 1 1
github.com/farmcreepissohard/Ride-hailing-sytem/internal/services/location_service.go:76.2,76.18 1 1
github.com/farmcreepissohard/Ride-hailing-sytem/internal/services/location_service.go:76.18,78.3 1 1
github.com/farmcreepissohard/Ride-hailing-sytem/internal/services/location_service.go:79.2,79.20 1 1
github.com/farmcreepissohard/Ride-hailing-sytem/internal/services/location_service.go:79.20,81.3 1 1
github.com/farmcreepissohard/Ride-hailing-sytem/internal/services/location_service.go:83.2,83.55 1 1
github.com/farmcreepissohard/Ride-hailing-sytem/internal/services/location_service.go:83.55,85.3 1 1
github.com/farmcreepissohard/Ride-hailing-sytem/internal/services/location_service.go:87.2,88.16 2 1
github.com/farmcreepissohard/Ride-hailing-sytem/internal/services/location_service.go:88.16,90.3 1 1
github.com/farmcreepissohard/Ride-hailing-sytem/internal/services/location_service.go:92.2,92.16 1 1
github.com/farmcreepissohard/Ride-hailing-sytem/internal/services/location_service.go:92.16,94.3 1 1
github.com/farmcreepissohard/Ride-hailing-sytem/internal/services/location_service.go:96.2,96.12 1 1
github.com/farmcreepissohard/Ride-hailing-sytem/internal/services/location_service.go:99.102,100.16 1 1
github.com/farmcreepissohard/Ride-hailing-sytem/internal/services/location_service.go:100.16,102.3 1 1
github.com/farmcreepissohard/Ride-hailing-sytem/internal/services/location_service.go:103.2,103.18 1 1
github.com/farmcreepissohard/Ride-hailing-sytem/internal/services/location_service.go:103.18,105.3 1 1
github.com/farmcreepissohard/Ride-hailing-sytem/internal/services/location_service.go:106.2,106.20 1 1
github.com/farmcreepissohard/Ride-hailing-sytem/internal/services/location_service.go:106.20,108.3 1 1
github.com/farmcreepissohard/Ride-hailing-sytem/internal/services/location_service.go:110.2,110.54 1 1
github.com/farmcreepissohard/Ride-hailing-sytem/internal/services/location_service.go:110.54,112.3 1 1
github.com/farmcreepissohard/Ride-hailing-sytem/internal/services/location_service.go:114.2,115.16 2 1
github.com/farmcreepissohard/Ride-hailing-sytem/internal/services/location_service.go:115.16,117.3 1 1
github.com/farmcreepissohard/Ride-hailing-sytem/internal/services/location_service.go:119.2,119.16 1 1
github.com/farmcreepissohard/Ride-hailing-sytem/internal/services/location_service.go:119.16,121.3 1 1
github.com/farmcreepissohard/Ride-hailing-sytem/internal/services/location_service.go:123.2,123.12 1 1
github.com/farmcreepissohard/Ride-hailing-sytem/internal/services/location_service.go:126.105,127.16 1 1
github.com/farmcreepissohard/Ride-hailing-sytem/internal/services/location_service.go:127.16,129.3 1 1
github.com/farmcreepissohard/Ride-hailing-sytem/internal/services/location_service.go:130.2,130.18 1 1
github.com/farmcreepissohard/Ride-hailing-sytem/internal/services/location_service.go:130.18,132.3 1 1
github.com/farmcreepissohard/Ride-hailing-sytem/internal/services/location_service.go:133.2,133.20 1 1
github.com/farmcreepissohard/Ride-hailing-sytem/internal/services/location_service.go:133.20,135.3 1 1
github.com/farmcreepissohard/Ride-hailing-sytem/internal/services/location_service.go:137.2,137.55 1 1
github.com/farmcreepissohard/Ride-hailing-sytem/internal/services/location_service.go:137.55,139.3 1 1
github.com/farmcreepissohard/Ride-hailing-sytem/internal/services/location_service.go:141.2,142.16 2 1
github.com/farmcreepissohard/Ride-hailing-sytem/internal/services/location_service.go:142.16,144.3 1 1
github.com/farmcreepissohard/Ride-hailing-sytem/internal/services/location_service.go:146.2,146.16 1 1
github.com/farmcreepissohard/Ride-hailing-sytem/internal/services/location_service.go:146.16,148.3 1 1
github.com/farmcreepissohard/Ride-hailing-sytem/internal/services/location_service.go:150.2,150.12 1 1
github.com/farmcreepissohard/Ride-hailing-sytem/internal/services/location_service.go:153.118,154.16 1 1
github.com/farmcreepissohard/Ride-hailing-sytem/internal/services/location_service.go:154.16,156.3 1 1
github.com/farmcreepissohard/Ride-hailing-sytem/internal/services/location_service.go:157.2,157.18 1 1
github.com/farmcreepissohard/Ride-hailing-sytem/internal/services/location_service.go:157.18,159.3 1 1
github.com/farmcreepissohard/Ride-hailing-sytem/internal/services/location_service.go:160.2,160.20 1 1
github.com/farmcreepissohard/Ride-hailing-sytem/internal/services/location_service.go:160.20,162.3 1 1
github.com/farmcreepissohard/Ride-hailing-sytem/internal/services/location_service.go:163.2,163.18 1 1
github.com/farmcreepissohard/Ride-hailing-sytem/internal/services/location_service.go:163.18,165.3 1 1
github.com/farmcreepissohard/Ride-hailing-sytem/internal/services/location_service.go:167.2,167.56 1 1
github.com/farmcreepissohard/Ride-hailing-sytem/internal/services/location_service.go:167.56,169.3 1 1
github.com/farmcreepissohard/Ride-hailing-sytem/internal/services/location_service.go:171.2,172.16 2 1
github.com/farmcreepissohard/Ride-hailing-sytem/internal/services/location_service.go:172.16,174.3 1 1
github.com/farmcreepissohard/Ride-hailing-sytem/internal/services/location_service.go:176.2,176.16 1 1
github.com/farmcreepissohard/Ride-hailing-sytem/internal/services/location_service.go:176.16,178.3 1 1
github.com/farmcreepissohard/Ride-hailing-sytem/internal/services/location_service.go:180.2,180.12 1 1
